2026-07-10 03:26:54,383 utils        DEBUG   : Статус ответа API: 200
2026-07-10 03:26:54,384 utils        DEBUG   : Получено валют: 3.
Курсы: {'CNY': 11.16, 'USD': 75.93, 'EUR': 86.59}
2026-07-10 03:26:55,423 utils        DEBUG   : Тип date_operation:
datetime64[ns]
2026-07-10 03:26:55,423 utils        INFO    : Загружено строк: 6705
2026-07-10 03:26:55,423 utils        DEBUG   : Переименованы колонки:
Дата операции → date_operation
Дата платежа → date_payment
Номер карты → card_number
Статус → status
Сумма операции → amount_operation
Валюта операции → currency_operation
Сумма платежа → amount_payment
Валюта платежа → currency_payment
Кэшбэк → cashback
Категория → category
MCC → mcc
Описание → description
Бонусы (включая кэшбэк) → bonuses_total
Округление на инвесткопилку → invest_rounding
Сумма операции с округлением → amount_operation_rounded
